\BOOKMARK [1][-]{section.1}{\376\377\000P\000e\000n\000d\000a\000h\000u\000l\000u\000a\000n}{}% 1
\BOOKMARK [2][-]{subsection.1.1}{\376\377\000L\000a\000t\000a\000r\000\040\000B\000e\000l\000a\000k\000a\000n\000g}{section.1}% 2
\BOOKMARK [2][-]{subsection.1.2}{\376\377\000R\000u\000m\000u\000s\000a\000n\000\040\000M\000a\000s\000a\000l\000a\000h}{section.1}% 3
\BOOKMARK [2][-]{subsection.1.3}{\376\377\000T\000u\000j\000u\000a\000n}{section.1}% 4
\BOOKMARK [2][-]{subsection.1.4}{\376\377\000M\000a\000n\000f\000a\000a\000t}{section.1}% 5
\BOOKMARK [1][-]{section.2}{\376\377\000G\000a\000m\000b\000a\000r\000a\000n\000\040\000S\000i\000s\000t\000e\000m\000\040\000d\000a\000n\000\040\000M\000e\000t\000o\000d\000o\000l\000o\000g\000i}{}% 6
\BOOKMARK [2][-]{subsection.2.1}{\376\377\000G\000a\000m\000b\000a\000r\000a\000n\000\040\000S\000i\000s\000t\000e\000m}{section.2}% 7
\BOOKMARK [2][-]{subsection.2.2}{\376\377\000A\000l\000u\000r\000\040\000K\000e\000r\000j\000a}{section.2}% 8
\BOOKMARK [2][-]{subsection.2.3}{\376\377\000M\000e\000t\000o\000d\000e\000\040\000D\000S\000S}{section.2}% 9
\BOOKMARK [1][-]{section.3}{\376\377\000H\000a\000s\000i\000l\000\040\000I\000m\000p\000l\000e\000m\000e\000n\000t\000a\000s\000i\000\040\000d\000a\000n\000\040\000P\000e\000m\000b\000a\000h\000a\000s\000a\000n}{}% 10
\BOOKMARK [2][-]{subsection.3.1}{\376\377\000A\000n\000t\000a\000r\000m\000u\000k\000a\000\040\000A\000w\000a\000l\000\040\000d\000a\000n\000\040\000N\000a\000v\000i\000g\000a\000s\000i}{section.3}% 11
\BOOKMARK [2][-]{subsection.3.2}{\376\377\000H\000a\000s\000i\000l\000\040\000P\000e\000r\000h\000i\000t\000u\000n\000g\000a\000n\000\040\000d\000a\000n\000\040\000A\000n\000a\000l\000i\000s\000i\000s}{section.3}% 12
\BOOKMARK [1][-]{section.4}{\376\377\000D\000i\000s\000k\000u\000s\000i\000\040\000B\000u\000g\000\040\000d\000a\000n\000\040\000P\000e\000r\000b\000a\000i\000k\000a\000n\000\040\000I\000m\000p\000l\000e\000m\000e\000n\000t\000a\000s\000i}{}% 13
\BOOKMARK [2][-]{subsection.4.1}{\376\377\000D\000e\000s\000k\000r\000i\000p\000s\000i\000\040\000B\000u\000g\000\040\000y\000a\000n\000g\000\040\000D\000i\000t\000e\000m\000u\000k\000a\000n}{section.4}% 14
\BOOKMARK [2][-]{subsection.4.2}{\376\377\000A\000n\000a\000l\000i\000s\000i\000s\000\040\000A\000k\000a\000r\000\040\000M\000a\000s\000a\000l\000a\000h}{section.4}% 15
\BOOKMARK [2][-]{subsection.4.3}{\376\377\000P\000e\000r\000b\000a\000i\000k\000a\000n\000\040\000y\000a\000n\000g\000\040\000S\000u\000d\000a\000h\000\040\000D\000i\000i\000m\000p\000l\000e\000m\000e\000n\000t\000a\000s\000i\000k\000a\000n}{section.4}% 16
\BOOKMARK [2][-]{subsection.4.4}{\376\377\000V\000a\000l\000i\000d\000a\000s\000i\000\040\000P\000a\000s\000c\000a\000-\000P\000e\000r\000b\000a\000i\000k\000a\000n}{section.4}% 17
\BOOKMARK [1][-]{section.5}{\376\377\000K\000e\000s\000i\000m\000p\000u\000l\000a\000n\000\040\000d\000a\000n\000\040\000S\000a\000r\000a\000n}{}% 18
\BOOKMARK [2][-]{subsection.5.1}{\376\377\000K\000e\000s\000i\000m\000p\000u\000l\000a\000n}{section.5}% 19
\BOOKMARK [2][-]{subsection.5.2}{\376\377\000S\000a\000r\000a\000n\000\040\000P\000e\000n\000g\000e\000m\000b\000a\000n\000g\000a\000n}{section.5}% 20
\BOOKMARK [1][-]{section.6}{\376\377\000T\000e\000c\000h\000\040\000S\000t\000a\000c\000k\000\040\000d\000a\000n\000\040\000L\000i\000n\000k\000\040\000R\000e\000p\000o\000s\000i\000t\000o\000r\000y}{}% 21
\BOOKMARK [2][-]{subsection.6.1}{\376\377\000T\000e\000c\000h\000\040\000S\000t\000a\000c\000k}{section.6}% 22
\BOOKMARK [2][-]{subsection.6.2}{\376\377\000L\000i\000n\000k\000\040\000R\000e\000p\000o\000s\000i\000t\000o\000r\000y}{section.6}% 23
